#Pls_ID	Flow	GC_bin	Contigs
P1		4.85	3		43:1.0,26:1.0
P2		0.79	5		22:1.0,47:1.0,36:1.0,42:1.0,52:1.0,40:1.0
P3		0.68	5		22:1.0,47:1.0,42:1.0,40:1.0
